// Jest Snapshot v1, https://goo.gl/fbAQLP

exports[`CoffeeForm should exist 1`] = `
ShallowWrapper {
  "length": 1,
  Symbol(enzyme.__root__): [Circular],
  Symbol(enzyme.__unrendered__): <CoffeeForm />,
  Symbol(enzyme.__renderer__): Object {
    "batchedUpdates": [Function],
    "getNode": [Function],
    "render": [Function],
    "simulateEvent": [Function],
    "unmount": [Function],
  },
  Symbol(enzyme.__node__): Object {
    "instance": null,
    "key": undefined,
    "nodeType": "host",
    "props": Object {
      "children": Array [
        <input
          className="full"
          name="name"
          onChange={[Function]}
          placeholder="Name"
          type="text"
          value=""
/>,
        <input
          className="full"
          name="email"
          onChange={[Function]}
          placeholder="Email"
          type="email"
          value=""
/>,
        <input
          className="full"
          name="overallScore"
          onChange={[Function]}
          placeholder="Overall Score (1-6)"
          type="text"
          value=""
/>,
        <input
          className="full"
          name="region"
          onChange={[Function]}
          placeholder="Region"
          type="text"
          value=""
/>,
        <input
          className="full"
          name="acidity"
          onChange={[Function]}
          placeholder="Acidity (1-6)"
          type="text"
          value=""
/>,
        <input
          className="full"
          name="body"
          onChange={[Function]}
          placeholder="Body (1-6)"
          type="text"
          value=""
/>,
        <input
          className="full"
          name="sweetness"
          onChange={[Function]}
          placeholder="Sweetness (1-6)"
          type="text"
          value=""
/>,
        <input
          className="full"
          name="tactile"
          onChange={[Function]}
          placeholder="Tactile (1-6)"
          type="text"
          value=""
/>,
        <input
          className="full"
          name="overallImpression"
          onChange={[Function]}
          placeholder="Overall Impression (Comments)"
          type="text"
          value=""
/>,
        <input
          className="full"
          name="roaster"
          onChange={[Function]}
          placeholder="Roaster Name"
          type="text"
          value=""
/>,
        <input
          className="full"
          name="additionalComments"
          onChange={[Function]}
          placeholder="Additional Comments (Optional)"
          type="text"
          value=""
/>,
        <input
          className="submit"
          type="submit"
/>,
      ],
      "className": "new-roaster",
      "onSubmit": [Function],
    },
    "ref": null,
    "rendered": Array [
      Object {
        "instance": null,
        "key": undefined,
        "nodeType": "host",
        "props": Object {
          "className": "full",
          "name": "name",
          "onChange": [Function],
          "placeholder": "Name",
          "type": "text",
          "value": "",
        },
        "ref": null,
        "rendered": null,
        "type": "input",
      },
      Object {
        "instance": null,
        "key": undefined,
        "nodeType": "host",
        "props": Object {
          "className": "full",
          "name": "email",
          "onChange": [Function],
          "placeholder": "Email",
          "type": "email",
          "value": "",
        },
        "ref": null,
        "rendered": null,
        "type": "input",
      },
      Object {
        "instance": null,
        "key": undefined,
        "nodeType": "host",
        "props": Object {
          "className": "full",
          "name": "overallScore",
          "onChange": [Function],
          "placeholder": "Overall Score (1-6)",
          "type": "text",
          "value": "",
        },
        "ref": null,
        "rendered": null,
        "type": "input",
      },
      Object {
        "instance": null,
        "key": undefined,
        "nodeType": "host",
        "props": Object {
          "className": "full",
          "name": "region",
          "onChange": [Function],
          "placeholder": "Region",
          "type": "text",
          "value": "",
        },
        "ref": null,
        "rendered": null,
        "type": "input",
      },
      Object {
        "instance": null,
        "key": undefined,
        "nodeType": "host",
        "props": Object {
          "className": "full",
          "name": "acidity",
          "onChange": [Function],
          "placeholder": "Acidity (1-6)",
          "type": "text",
          "value": "",
        },
        "ref": null,
        "rendered": null,
        "type": "input",
      },
      Object {
        "instance": null,
        "key": undefined,
        "nodeType": "host",
        "props": Object {
          "className": "full",
          "name": "body",
          "onChange": [Function],
          "placeholder": "Body (1-6)",
          "type": "text",
          "value": "",
        },
        "ref": null,
        "rendered": null,
        "type": "input",
      },
      Object {
        "instance": null,
        "key": undefined,
        "nodeType": "host",
        "props": Object {
          "className": "full",
          "name": "sweetness",
          "onChange": [Function],
          "placeholder": "Sweetness (1-6)",
          "type": "text",
          "value": "",
        },
        "ref": null,
        "rendered": null,
        "type": "input",
      },
      Object {
        "instance": null,
        "key": undefined,
        "nodeType": "host",
        "props": Object {
          "className": "full",
          "name": "tactile",
          "onChange": [Function],
          "placeholder": "Tactile (1-6)",
          "type": "text",
          "value": "",
        },
        "ref": null,
        "rendered": null,
        "type": "input",
      },
      Object {
        "instance": null,
        "key": undefined,
        "nodeType": "host",
        "props": Object {
          "className": "full",
          "name": "overallImpression",
          "onChange": [Function],
          "placeholder": "Overall Impression (Comments)",
          "type": "text",
          "value": "",
        },
        "ref": null,
        "rendered": null,
        "type": "input",
      },
      Object {
        "instance": null,
        "key": undefined,
        "nodeType": "host",
        "props": Object {
          "className": "full",
          "name": "roaster",
          "onChange": [Function],
          "placeholder": "Roaster Name",
          "type": "text",
          "value": "",
        },
        "ref": null,
        "rendered": null,
        "type": "input",
      },
      Object {
        "instance": null,
        "key": undefined,
        "nodeType": "host",
        "props": Object {
          "className": "full",
          "name": "additionalComments",
          "onChange": [Function],
          "placeholder": "Additional Comments (Optional)",
          "type": "text",
          "value": "",
        },
        "ref": null,
        "rendered": null,
        "type": "input",
      },
      Object {
        "instance": null,
        "key": undefined,
        "nodeType": "host",
        "props": Object {
          "className": "submit",
          "type": "submit",
        },
        "ref": null,
        "rendered": null,
        "type": "input",
      },
    ],
    "type": "form",
  },
  Symbol(enzyme.__nodes__): Array [
    Object {
      "instance": null,
      "key": undefined,
      "nodeType": "host",
      "props": Object {
        "children": Array [
          <input
            className="full"
            name="name"
            onChange={[Function]}
            placeholder="Name"
            type="text"
            value=""
/>,
          <input
            className="full"
            name="email"
            onChange={[Function]}
            placeholder="Email"
            type="email"
            value=""
/>,
          <input
            className="full"
            name="overallScore"
            onChange={[Function]}
            placeholder="Overall Score (1-6)"
            type="text"
            value=""
/>,
          <input
            className="full"
            name="region"
            onChange={[Function]}
            placeholder="Region"
            type="text"
            value=""
/>,
          <input
            className="full"
            name="acidity"
            onChange={[Function]}
            placeholder="Acidity (1-6)"
            type="text"
            value=""
/>,
          <input
            className="full"
            name="body"
            onChange={[Function]}
            placeholder="Body (1-6)"
            type="text"
            value=""
/>,
          <input
            className="full"
            name="sweetness"
            onChange={[Function]}
            placeholder="Sweetness (1-6)"
            type="text"
            value=""
/>,
          <input
            className="full"
            name="tactile"
            onChange={[Function]}
            placeholder="Tactile (1-6)"
            type="text"
            value=""
/>,
          <input
            className="full"
            name="overallImpression"
            onChange={[Function]}
            placeholder="Overall Impression (Comments)"
            type="text"
            value=""
/>,
          <input
            className="full"
            name="roaster"
            onChange={[Function]}
            placeholder="Roaster Name"
            type="text"
            value=""
/>,
          <input
            className="full"
            name="additionalComments"
            onChange={[Function]}
            placeholder="Additional Comments (Optional)"
            type="text"
            value=""
/>,
          <input
            className="submit"
            type="submit"
/>,
        ],
        "className": "new-roaster",
        "onSubmit": [Function],
      },
      "ref": null,
      "rendered": Array [
        Object {
          "instance": null,
          "key": undefined,
          "nodeType": "host",
          "props": Object {
            "className": "full",
            "name": "name",
            "onChange": [Function],
            "placeholder": "Name",
            "type": "text",
            "value": "",
          },
          "ref": null,
          "rendered": null,
          "type": "input",
        },
        Object {
          "instance": null,
          "key": undefined,
          "nodeType": "host",
          "props": Object {
            "className": "full",
            "name": "email",
            "onChange": [Function],
            "placeholder": "Email",
            "type": "email",
            "value": "",
          },
          "ref": null,
          "rendered": null,
          "type": "input",
        },
        Object {
          "instance": null,
          "key": undefined,
          "nodeType": "host",
          "props": Object {
            "className": "full",
            "name": "overallScore",
            "onChange": [Function],
            "placeholder": "Overall Score (1-6)",
            "type": "text",
            "value": "",
          },
          "ref": null,
          "rendered": null,
          "type": "input",
        },
        Object {
          "instance": null,
          "key": undefined,
          "nodeType": "host",
          "props": Object {
            "className": "full",
            "name": "region",
            "onChange": [Function],
            "placeholder": "Region",
            "type": "text",
            "value": "",
          },
          "ref": null,
          "rendered": null,
          "type": "input",
        },
        Object {
          "instance": null,
          "key": undefined,
          "nodeType": "host",
          "props": Object {
            "className": "full",
            "name": "acidity",
            "onChange": [Function],
            "placeholder": "Acidity (1-6)",
            "type": "text",
            "value": "",
          },
          "ref": null,
          "rendered": null,
          "type": "input",
        },
        Object {
          "instance": null,
          "key": undefined,
          "nodeType": "host",
          "props": Object {
            "className": "full",
            "name": "body",
            "onChange": [Function],
            "placeholder": "Body (1-6)",
            "type": "text",
            "value": "",
          },
          "ref": null,
          "rendered": null,
          "type": "input",
        },
        Object {
          "instance": null,
          "key": undefined,
          "nodeType": "host",
          "props": Object {
            "className": "full",
            "name": "sweetness",
            "onChange": [Function],
            "placeholder": "Sweetness (1-6)",
            "type": "text",
            "value": "",
          },
          "ref": null,
          "rendered": null,
          "type": "input",
        },
        Object {
          "instance": null,
          "key": undefined,
          "nodeType": "host",
          "props": Object {
            "className": "full",
            "name": "tactile",
            "onChange": [Function],
            "placeholder": "Tactile (1-6)",
            "type": "text",
            "value": "",
          },
          "ref": null,
          "rendered": null,
          "type": "input",
        },
        Object {
          "instance": null,
          "key": undefined,
          "nodeType": "host",
          "props": Object {
            "className": "full",
            "name": "overallImpression",
            "onChange": [Function],
            "placeholder": "Overall Impression (Comments)",
            "type": "text",
            "value": "",
          },
          "ref": null,
          "rendered": null,
          "type": "input",
        },
        Object {
          "instance": null,
          "key": undefined,
          "nodeType": "host",
          "props": Object {
            "className": "full",
            "name": "roaster",
            "onChange": [Function],
            "placeholder": "Roaster Name",
            "type": "text",
            "value": "",
          },
          "ref": null,
          "rendered": null,
          "type": "input",
        },
        Object {
          "instance": null,
          "key": undefined,
          "nodeType": "host",
          "props": Object {
            "className": "full",
            "name": "additionalComments",
            "onChange": [Function],
            "placeholder": "Additional Comments (Optional)",
            "type": "text",
            "value": "",
          },
          "ref": null,
          "rendered": null,
          "type": "input",
        },
        Object {
          "instance": null,
          "key": undefined,
          "nodeType": "host",
          "props": Object {
            "className": "submit",
            "type": "submit",
          },
          "ref": null,
          "rendered": null,
          "type": "input",
        },
      ],
      "type": "form",
    },
  ],
  Symbol(enzyme.__options__): Object {
    "adapter": ReactSixteenAdapter {
      "options": Object {
        "enableComponentDidUpdateOnSetState": true,
      },
    },
  },
}
`;
